// Jest Snapshot v1, https://goo.gl/fbAQLP

exports[`Counter basic snapshot 1`] = `
ShallowWrapper {
  "length": 1,
  Symbol(enzyme.__root__): [Circular],
  Symbol(enzyme.__unrendered__): <Counter
    onDecrement={[Function]}
    onIncrement={[Function]}
    value={0}
  />,
  Symbol(enzyme.__renderer__): Object {
    "batchedUpdates": [Function],
    "getNode": [Function],
    "render": [Function],
    "simulateEvent": [Function],
    "unmount": [Function],
  },
  Symbol(enzyme.__node__): Object {
    "instance": null,
    "key": undefined,
    "nodeType": "host",
    "props": Object {
      "children": Array [
        <p>
          Current counter value: 
          <span>
            0
          </span>
        </p>,
        <div>
          <button
            onClick={[Function]}
          >
            Increment
          </button>
          <button
            onClick={[Function]}
          >
            Decrement
          </button>
        </div>,
      ],
    },
    "ref": null,
    "rendered": Array [
      Object {
        "instance": null,
        "key": undefined,
        "nodeType": "host",
        "props": Object {
          "children": Array [
            "Current counter value: ",
            <span>
              0
            </span>,
          ],
        },
        "ref": null,
        "rendered": Array [
          "Current counter value: ",
          Object {
            "instance": null,
            "key": undefined,
            "nodeType": "host",
            "props": Object {
              "children": 0,
            },
            "ref": null,
            "rendered": 0,
            "type": "span",
          },
        ],
        "type": "p",
      },
      Object {
        "instance": null,
        "key": undefined,
        "nodeType": "host",
        "props": Object {
          "children": Array [
            <button
              onClick={[Function]}
            >
              Increment
            </button>,
            <button
              onClick={[Function]}
            >
              Decrement
            </button>,
          ],
        },
        "ref": null,
        "rendered": Array [
          Object {
            "instance": null,
            "key": undefined,
            "nodeType": "host",
            "props": Object {
              "children": "Increment",
              "onClick": [Function],
            },
            "ref": null,
            "rendered": "Increment",
            "type": "button",
          },
          Object {
            "instance": null,
            "key": undefined,
            "nodeType": "host",
            "props": Object {
              "children": "Decrement",
              "onClick": [Function],
            },
            "ref": null,
            "rendered": "Decrement",
            "type": "button",
          },
        ],
        "type": "div",
      },
    ],
    "type": "div",
  },
  Symbol(enzyme.__nodes__): Array [
    Object {
      "instance": null,
      "key": undefined,
      "nodeType": "host",
      "props": Object {
        "children": Array [
          <p>
            Current counter value: 
            <span>
              0
            </span>
          </p>,
          <div>
            <button
              onClick={[Function]}
            >
              Increment
            </button>
            <button
              onClick={[Function]}
            >
              Decrement
            </button>
          </div>,
        ],
      },
      "ref": null,
      "rendered": Array [
        Object {
          "instance": null,
          "key": undefined,
          "nodeType": "host",
          "props": Object {
            "children": Array [
              "Current counter value: ",
              <span>
                0
              </span>,
            ],
          },
          "ref": null,
          "rendered": Array [
            "Current counter value: ",
            Object {
              "instance": null,
              "key": undefined,
              "nodeType": "host",
              "props": Object {
                "children": 0,
              },
              "ref": null,
              "rendered": 0,
              "type": "span",
            },
          ],
          "type": "p",
        },
        Object {
          "instance": null,
          "key": undefined,
          "nodeType": "host",
          "props": Object {
            "children": Array [
              <button
                onClick={[Function]}
              >
                Increment
              </button>,
              <button
                onClick={[Function]}
              >
                Decrement
              </button>,
            ],
          },
          "ref": null,
          "rendered": Array [
            Object {
              "instance": null,
              "key": undefined,
              "nodeType": "host",
              "props": Object {
                "children": "Increment",
                "onClick": [Function],
              },
              "ref": null,
              "rendered": "Increment",
              "type": "button",
            },
            Object {
              "instance": null,
              "key": undefined,
              "nodeType": "host",
              "props": Object {
                "children": "Decrement",
                "onClick": [Function],
              },
              "ref": null,
              "rendered": "Decrement",
              "type": "button",
            },
          ],
          "type": "div",
        },
      ],
      "type": "div",
    },
  ],
  Symbol(enzyme.__options__): Object {
    "adapter": ReactSixteenAdapter {
      "options": Object {
        "enableComponentDidUpdateOnSetState": true,
      },
    },
  },
}
`;
